[     166ms] [INFO] %cDownload the React DevTools for a better development experience: https://react.dev/link/react-devtools font-weight:bold @ http://localhost:3000/_next/static/chunks/1r0h_next_dist_00udy3e._.js:2477
[     305ms] [LOG] [HMR] connected @ http://localhost:3000/_next/static/chunks/1r0h_next_dist_00udy3e._.js:2477
[   76215ms] [LOG] [Fast Refresh] rebuilding @ http://localhost:3000/_next/static/chunks/1r0h_next_dist_00udy3e._.js:2477
[   76218ms] [LOG] [Fast Refresh] done in 109ms @ http://localhost:3000/_next/static/chunks/1r0h_next_dist_00udy3e._.js:2477
[  173086ms] [LOG] [Fast Refresh] rebuilding @ http://localhost:3000/_next/static/chunks/1r0h_next_dist_00udy3e._.js:2477
[  173469ms] [LOG] [Fast Refresh] done in 238ms @ http://localhost:3000/_next/static/chunks/1r0h_next_dist_00udy3e._.js:2477
[  173561ms] ReferenceError: handleInputChange is not defined
    at ChatPage (http://localhost:3000/_next/static/chunks/_1kmhw4u._.js?id=%255Bproject%255D%252Fapp%252Fchat%252Fpage.tsx+%255Bapp-client%255D+%2528ecmascript%2529:125:39)
    at Object.react_stack_bottom_frame (http://localhost:3000/_next/static/chunks/1r0h_next_dist_compiled_react-dom_1xjxdv0._.js:15037:24)
    at renderWithHooks (http://localhost:3000/_next/static/chunks/1r0h_next_dist_compiled_react-dom_1xjxdv0._.js:4620:24)
    at updateFunctionComponent (http://localhost:3000/_next/static/chunks/1r0h_next_dist_compiled_react-dom_1xjxdv0._.js:6081:21)
    at beginWork (http://localhost:3000/_next/static/chunks/1r0h_next_dist_compiled_react-dom_1xjxdv0._.js:6691:24)
    at runWithFiberInDEV (http://localhost:3000/_next/static/chunks/1r0h_next_dist_compiled_react-dom_1xjxdv0._.js:965:74)
    at performUnitOfWork (http://localhost:3000/_next/static/chunks/1r0h_next_dist_compiled_react-dom_1xjxdv0._.js:9555:97)
    at workLoopSync (http://localhost:3000/_next/static/chunks/1r0h_next_dist_compiled_react-dom_1xjxdv0._.js:9449:40)
    at renderRootSync (http://localhost:3000/_next/static/chunks/1r0h_next_dist_compiled_react-dom_1xjxdv0._.js:9433:13)
    at performWorkOnRoot (http://localhost:3000/_next/static/chunks/1r0h_next_dist_compiled_react-dom_1xjxdv0._.js:9061:186)
    at performSyncWorkOnRoot (http://localhost:3000/_next/static/chunks/1r0h_next_dist_compiled_react-dom_1xjxdv0._.js:10263:9)
    at flushSyncWorkAcrossRoots_impl (http://localhost:3000/_next/static/chunks/1r0h_next_dist_compiled_react-dom_1xjxdv0._.js:10179:316)
    at processRootScheduleInMicrotask (http://localhost:3000/_next/static/chunks/1r0h_next_dist_compiled_react-dom_1xjxdv0._.js:10200:106)
    at http://localhost:3000/_next/static/chunks/1r0h_next_dist_compiled_react-dom_1xjxdv0._.js:10274:158
[  173769ms] [LOG] [Fast Refresh] rebuilding @ http://localhost:3000/_next/static/chunks/1r0h_next_dist_00udy3e._.js:2477
[  173840ms] [LOG] [Fast Refresh] done in 179ms @ http://localhost:3000/_next/static/chunks/1r0h_next_dist_00udy3e._.js:2477
[  177736ms] [LOG] [Fast Refresh] rebuilding @ http://localhost:3000/_next/static/chunks/1r0h_next_dist_00udy3e._.js:2477
[  177746ms] [WARNING] [Fast Refresh] performing full reload because your application had an unrecoverable error @ http://localhost:3000/_next/static/chunks/1r0h_next_dist_00udy3e._.js:2477
[  177788ms] [LOG] [Fast Refresh] done in 90ms @ http://localhost:3000/_next/static/chunks/1r0h_next_dist_00udy3e._.js:2477
[  177896ms] [LOG] [Fast Refresh] rebuilding @ http://localhost:3000/_next/static/chunks/1r0h_next_dist_00udy3e._.js:2477
[  178161ms] [LOG] [Fast Refresh] done in 372ms @ http://localhost:3000/_next/static/chunks/1r0h_next_dist_00udy3e._.js:2477
[  178715ms] [INFO] %cDownload the React DevTools for a better development experience: https://react.dev/link/react-devtools font-weight:bold @ http://localhost:3000/_next/static/chunks/1r0h_next_dist_00udy3e._.js:2477
[  178744ms] [LOG] [HMR] connected @ http://localhost:3000/_next/static/chunks/1r0h_next_dist_00udy3e._.js:2477
[  313562ms] [LOG] [Fast Refresh] rebuilding @ http://localhost:3000/_next/static/chunks/1r0h_next_dist_00udy3e._.js:2477
[  313798ms] [LOG] [Fast Refresh] done in 46ms @ http://localhost:3000/_next/static/chunks/1r0h_next_dist_00udy3e._.js:2477
[  324411ms] [LOG] [Fast Refresh] rebuilding @ http://localhost:3000/_next/static/chunks/1r0h_next_dist_00udy3e._.js:2477
[  324779ms] [LOG] [Fast Refresh] done in 481ms @ http://localhost:3000/_next/static/chunks/1r0h_next_dist_00udy3e._.js:2477
[  489496ms] [LOG] [Fast Refresh] rebuilding @ http://localhost:3000/_next/static/chunks/1r0h_next_dist_00udy3e._.js:2477
[  489700ms] [LOG] [Fast Refresh] done in 312ms @ http://localhost:3000/_next/static/chunks/1r0h_next_dist_00udy3e._.js:2477
[  503270ms] [LOG] [Fast Refresh] rebuilding @ http://localhost:3000/_next/static/chunks/1r0h_next_dist_00udy3e._.js:2477
[  503309ms] [LOG] [Fast Refresh] done in 151ms @ http://localhost:3000/_next/static/chunks/1r0h_next_dist_00udy3e._.js:2477
[  549266ms] [LOG] [Fast Refresh] rebuilding @ http://localhost:3000/_next/static/chunks/1r0h_next_dist_00udy3e._.js:2477
[  549467ms] [LOG] [Fast Refresh] done in 58ms @ http://localhost:3000/_next/static/chunks/1r0h_next_dist_00udy3e._.js:2477
[  576856ms] [LOG] [Fast Refresh] rebuilding @ http://localhost:3000/_next/static/chunks/1r0h_next_dist_00udy3e._.js:2477
[  577099ms] [LOG] [Fast Refresh] done in 348ms @ http://localhost:3000/_next/static/chunks/1r0h_next_dist_00udy3e._.js:2477
[  592419ms] [LOG] [Fast Refresh] rebuilding @ http://localhost:3000/_next/static/chunks/1r0h_next_dist_00udy3e._.js:2477
[  592442ms] [LOG] [Fast Refresh] done in 133ms @ http://localhost:3000/_next/static/chunks/1r0h_next_dist_00udy3e._.js:2477
[  664368ms] [LOG] [Fast Refresh] rebuilding @ http://localhost:3000/_next/static/chunks/1r0h_next_dist_00udy3e._.js:2477
[  664477ms] [LOG] [Fast Refresh] done in 219ms @ http://localhost:3000/_next/static/chunks/1r0h_next_dist_00udy3e._.js:2477
[  677722ms] [LOG] [Fast Refresh] rebuilding @ http://localhost:3000/_next/static/chunks/1r0h_next_dist_00udy3e._.js:2477
[  677819ms] [LOG] [Fast Refresh] done in 211ms @ http://localhost:3000/_next/static/chunks/1r0h_next_dist_00udy3e._.js:2477
[  710529ms] [LOG] [Fast Refresh] rebuilding @ http://localhost:3000/_next/static/chunks/1r0h_next_dist_00udy3e._.js:2477
[  710565ms] [LOG] [Fast Refresh] done in 144ms @ http://localhost:3000/_next/static/chunks/1r0h_next_dist_00udy3e._.js:2477
[  752917ms] [LOG] [Fast Refresh] rebuilding @ http://localhost:3000/_next/static/chunks/1r0h_next_dist_00udy3e._.js:2477
[  752946ms] [LOG] [Fast Refresh] done in 134ms @ http://localhost:3000/_next/static/chunks/1r0h_next_dist_00udy3e._.js:2477
[  774921ms] [LOG] [Fast Refresh] rebuilding @ http://localhost:3000/_next/static/chunks/1r0h_next_dist_00udy3e._.js:2477
[  774967ms] [LOG] [Fast Refresh] done in 152ms @ http://localhost:3000/_next/static/chunks/1r0h_next_dist_00udy3e._.js:2477
[  897039ms] [LOG] [Fast Refresh] rebuilding @ http://localhost:3000/_next/static/chunks/1r0h_next_dist_00udy3e._.js:2477
[  897333ms] [LOG] [Fast Refresh] done in 396ms @ http://localhost:3000/_next/static/chunks/1r0h_next_dist_00udy3e._.js:2477
[  906740ms] [LOG] [Fast Refresh] rebuilding @ http://localhost:3000/_next/static/chunks/1r0h_next_dist_00udy3e._.js:2477
[  906980ms] [LOG] [Fast Refresh] done in 340ms @ http://localhost:3000/_next/static/chunks/1r0h_next_dist_00udy3e._.js:2477
[  907313ms] [LOG] [Fast Refresh] rebuilding @ http://localhost:3000/_next/static/chunks/1r0h_next_dist_00udy3e._.js:2477
[  907320ms] [LOG] [Fast Refresh] done in 119ms @ http://localhost:3000/_next/static/chunks/1r0h_next_dist_00udy3e._.js:2477
[  911299ms] [LOG] [Fast Refresh] rebuilding @ http://localhost:3000/_next/static/chunks/1r0h_next_dist_00udy3e._.js:2477
[  911602ms] [LOG] [Fast Refresh] done in 411ms @ http://localhost:3000/_next/static/chunks/1r0h_next_dist_00udy3e._.js:2477
[  952886ms] [LOG] [Fast Refresh] rebuilding @ http://localhost:3000/_next/static/chunks/1r0h_next_dist_00udy3e._.js:2477
[  953114ms] [LOG] [Fast Refresh] done in 34ms @ http://localhost:3000/_next/static/chunks/1r0h_next_dist_00udy3e._.js:2477
[  960768ms] [LOG] [Fast Refresh] rebuilding @ http://localhost:3000/_next/static/chunks/1r0h_next_dist_00udy3e._.js:2477
[  960945ms] [LOG] [Fast Refresh] done in 109ms @ http://localhost:3000/_next/static/chunks/1r0h_next_dist_00udy3e._.js:2477
[  968287ms] [LOG] [Fast Refresh] rebuilding @ http://localhost:3000/_next/static/chunks/1r0h_next_dist_00udy3e._.js:2477
[  968446ms] [LOG] [Fast Refresh] done in 262ms @ http://localhost:3000/_next/static/chunks/1r0h_next_dist_00udy3e._.js:2477
[  971523ms] [LOG] [Fast Refresh] rebuilding @ http://localhost:3000/_next/static/chunks/1r0h_next_dist_00udy3e._.js:2477
[  971612ms] [LOG] [Fast Refresh] done in 197ms @ http://localhost:3000/_next/static/chunks/1r0h_next_dist_00udy3e._.js:2477
[ 1316631ms] [LOG] [Fast Refresh] rebuilding @ http://localhost:3000/_next/static/chunks/1r0h_next_dist_00udy3e._.js:2477
[ 1316696ms] [LOG] [Fast Refresh] done in 133ms @ http://localhost:3000/_next/static/chunks/1r0h_next_dist_00udy3e._.js:2477
[ 1320393ms] [LOG] [Fast Refresh] rebuilding @ http://localhost:3000/_next/static/chunks/1r0h_next_dist_00udy3e._.js:2477
[ 1320497ms] [LOG] [Fast Refresh] done in 126ms @ http://localhost:3000/_next/static/chunks/1r0h_next_dist_00udy3e._.js:2477
[ 1323382ms] [LOG] [Fast Refresh] rebuilding @ http://localhost:3000/_next/static/chunks/1r0h_next_dist_00udy3e._.js:2477
[ 1323467ms] [LOG] [Fast Refresh] done in 88ms @ http://localhost:3000/_next/static/chunks/1r0h_next_dist_00udy3e._.js:2477
[ 1329863ms] [LOG] [Fast Refresh] rebuilding @ http://localhost:3000/_next/static/chunks/1r0h_next_dist_00udy3e._.js:2477
[ 1330520ms] [LOG] [Fast Refresh] done in 501ms @ http://localhost:3000/_next/static/chunks/1r0h_next_dist_00udy3e._.js:2477
[ 1337545ms] [LOG] [Fast Refresh] rebuilding @ http://localhost:3000/_next/static/chunks/1r0h_next_dist_00udy3e._.js:2477
[ 1337667ms] [LOG] [Fast Refresh] done in 232ms @ http://localhost:3000/_next/static/chunks/1r0h_next_dist_00udy3e._.js:2477
[ 1340113ms] [LOG] [Fast Refresh] rebuilding @ http://localhost:3000/_next/static/chunks/1r0h_next_dist_00udy3e._.js:2477
[ 1340116ms] [LOG] [Fast Refresh] done in 112ms @ http://localhost:3000/_next/static/chunks/1r0h_next_dist_00udy3e._.js:2477
[ 1451636ms] [LOG] [Fast Refresh] rebuilding @ http://localhost:3000/_next/static/chunks/1r0h_next_dist_00udy3e._.js:2477
[ 1451777ms] [LOG] [Fast Refresh] done in 254ms @ http://localhost:3000/_next/static/chunks/1r0h_next_dist_00udy3e._.js:2477
[ 1832602ms] [LOG] [Fast Refresh] rebuilding @ http://localhost:3000/_next/static/chunks/1r0h_next_dist_00udy3e._.js:2477
[ 1832770ms] [LOG] [Fast Refresh] done in 58ms @ http://localhost:3000/_next/static/chunks/1r0h_next_dist_00udy3e._.js:2477
[ 1832825ms] ReferenceError: initializedRef is not defined
    at ChatPage.useEffect (http://localhost:3000/_next/static/chunks/_1c7_sfr._.js?id=%255Bproject%255D%252Fapp%252Fchat%252Fpage.tsx+%255Bapp-client%255D+%2528ecmascript%2529:61:13)
    at Object.react_stack_bottom_frame (http://localhost:3000/_next/static/chunks/1r0h_next_dist_compiled_react-dom_1xjxdv0._.js:15087:22)
    at runWithFiberInDEV (http://localhost:3000/_next/static/chunks/1r0h_next_dist_compiled_react-dom_1xjxdv0._.js:965:74)
    at commitHookEffectListMount (http://localhost:3000/_next/static/chunks/1r0h_next_dist_compiled_react-dom_1xjxdv0._.js:7255:167)
    at commitHookPassiveMountEffects (http://localhost:3000/_next/static/chunks/1r0h_next_dist_compiled_react-dom_1xjxdv0._.js:7290:60)
    at commitPassiveMountOnFiber (http://localhost:3000/_next/static/chunks/1r0h_next_dist_compiled_react-dom_1xjxdv0._.js:8689:33)
    at recursivelyTraversePassiveMountEffects (http://localhost:3000/_next/static/chunks/1r0h_next_dist_compiled_react-dom_1xjxdv0._.js:8676:316)
    at commitPassiveMountOnFiber (http://localhost:3000/_next/static/chunks/1r0h_next_dist_compiled_react-dom_1xjxdv0._.js:8688:17)
    at recursivelyTraversePassiveMountEffects (http://localhost:3000/_next/static/chunks/1r0h_next_dist_compiled_react-dom_1xjxdv0._.js:8676:316)
    at commitPassiveMountOnFiber (http://localhost:3000/_next/static/chunks/1r0h_next_dist_compiled_react-dom_1xjxdv0._.js:8688:17)
    at recursivelyTraversePassiveMountEffects (http://localhost:3000/_next/static/chunks/1r0h_next_dist_compiled_react-dom_1xjxdv0._.js:8676:316)
    at commitPassiveMountOnFiber (http://localhost:3000/_next/static/chunks/1r0h_next_dist_compiled_react-dom_1xjxdv0._.js:8750:17)
    at recursivelyTraversePassiveMountEffects (http://localhost:3000/_next/static/chunks/1r0h_next_dist_compiled_react-dom_1xjxdv0._.js:8676:316)
    at commitPassiveMountOnFiber (http://localhost:3000/_next/static/chunks/1r0h_next_dist_compiled_react-dom_1xjxdv0._.js:8750:17)
    at recursivelyTraversePassiveMountEffects (http://localhost:3000/_next/static/chunks/1r0h_next_dist_compiled_react-dom_1xjxdv0._.js:8676:316)
    at commitPassiveMountOnFiber (http://localhost:3000/_next/static/chunks/1r0h_next_dist_compiled_react-dom_1xjxdv0._.js:8688:17)
    at recursivelyTraversePassiveMountEffects (http://localhost:3000/_next/static/chunks/1r0h_next_dist_compiled_react-dom_1xjxdv0._.js:8676:316)
    at commitPassiveMountOnFiber (http://localhost:3000/_next/static/chunks/1r0h_next_dist_compiled_react-dom_1xjxdv0._.js:8693:17)
    at recursivelyTraversePassiveMountEffects (http://localhost:3000/_next/static/chunks/1r0h_next_dist_compiled_react-dom_1xjxdv0._.js:8676:316)
    at commitPassiveMountOnFiber (http://localhost:3000/_next/static/chunks/1r0h_next_dist_compiled_react-dom_1xjxdv0._.js:8688:17)
    at recursivelyTraversePassiveMountEffects (http://localhost:3000/_next/static/chunks/1r0h_next_dist_compiled_react-dom_1xjxdv0._.js:8676:316)
    at commitPassiveMountOnFiber (http://localhost:3000/_next/static/chunks/1r0h_next_dist_compiled_react-dom_1xjxdv0._.js:8688:17)
    at recursivelyTraversePassiveMountEffects (http://localhost:3000/_next/static/chunks/1r0h_next_dist_compiled_react-dom_1xjxdv0._.js:8676:316)
    at commitPassiveMountOnFiber (http://localhost:3000/_next/static/chunks/1r0h_next_dist_compiled_react-dom_1xjxdv0._.js:8688:17)
    at recursivelyTraversePassiveMountEffects (http://localhost:3000/_next/static/chunks/1r0h_next_dist_compiled_react-dom_1xjxdv0._.js:8676:316)
    at commitPassiveMountOnFiber (http://localhost:3000/_next/static/chunks/1r0h_next_dist_compiled_react-dom_1xjxdv0._.js:8688:17)
    at recursivelyTraversePassiveMountEffects (http://localhost:3000/_next/static/chunks/1r0h_next_dist_compiled_react-dom_1xjxdv0._.js:8676:316)
    at commitPassiveMountOnFiber (http://localhost:3000/_next/static/chunks/1r0h_next_dist_compiled_react-dom_1xjxdv0._.js:8693:17)
    at recursivelyTraversePassiveMountEffects (http://localhost:3000/_next/static/chunks/1r0h_next_dist_compiled_react-dom_1xjxdv0._.js:8676:316)
    at commitPassiveMountOnFiber (http://localhost:3000/_next/static/chunks/1r0h_next_dist_compiled_react-dom_1xjxdv0._.js:8688:17)
    at recursivelyTraversePassiveMountEffects (http://localhost:3000/_next/static/chunks/1r0h_next_dist_compiled_react-dom_1xjxdv0._.js:8676:316)
    at commitPassiveMountOnFiber (http://localhost:3000/_next/static/chunks/1r0h_next_dist_compiled_react-dom_1xjxdv0._.js:8688:17)
    at recursivelyTraversePassiveMountEffects (http://localhost:3000/_next/static/chunks/1r0h_next_dist_compiled_react-dom_1xjxdv0._.js:8676:316)
    at commitPassiveMountOnFiber (http://localhost:3000/_next/static/chunks/1r0h_next_dist_compiled_react-dom_1xjxdv0._.js:8750:17)
    at recursivelyTraversePassiveMountEffects (http://localhost:3000/_next/static/chunks/1r0h_next_dist_compiled_react-dom_1xjxdv0._.js:8676:316)
    at commitPassiveMountOnFiber (http://localhost:3000/_next/static/chunks/1r0h_next_dist_compiled_react-dom_1xjxdv0._.js:8750:17)
    at recursivelyTraversePassiveMountEffects (http://localhost:3000/_next/static/chunks/1r0h_next_dist_compiled_react-dom_1xjxdv0._.js:8676:316)
    at commitPassiveMountOnFiber (http://localhost:3000/_next/static/chunks/1r0h_next_dist_compiled_react-dom_1xjxdv0._.js:8688:17)
    at recursivelyTraversePassiveMountEffects (http://localhost:3000/_next/static/chunks/1r0h_next_dist_compiled_react-dom_1xjxdv0._.js:8676:316)
    at commitPassiveMountOnFiber (http://localhost:3000/_next/static/chunks/1r0h_next_dist_compiled_react-dom_1xjxdv0._.js:8688:17)
    at recursivelyTraversePassiveMountEffects (http://localhost:3000/_next/static/chunks/1r0h_next_dist_compiled_react-dom_1xjxdv0._.js:8676:316)
    at commitPassiveMountOnFiber (http://localhost:3000/_next/static/chunks/1r0h_next_dist_compiled_react-dom_1xjxdv0._.js:8750:17)
    at recursivelyTraversePassiveMountEffects (http://localhost:3000/_next/static/chunks/1r0h_next_dist_compiled_react-dom_1xjxdv0._.js:8676:316)
    at commitPassiveMountOnFiber (http://localhost:3000/_next/static/chunks/1r0h_next_dist_compiled_react-dom_1xjxdv0._.js:8750:17)
    at recursivelyTraversePassiveMountEffects (http://localhost:3000/_next/static/chunks/1r0h_next_dist_compiled_react-dom_1xjxdv0._.js:8676:316)
    at commitPassiveMountOnFiber (http://localhost:3000/_next/static/chunks/1r0h_next_dist_compiled_react-dom_1xjxdv0._.js:8750:17)
    at recursivelyTraversePassiveMountEffects (http://localhost:3000/_next/static/chunks/1r0h_next_dist_compiled_react-dom_1xjxdv0._.js:8676:316)
    at commitPassiveMountOnFiber (http://localhost:3000/_next/static/chunks/1r0h_next_dist_compiled_react-dom_1xjxdv0._.js:8688:17)
    at recursivelyTraversePassiveMountEffects (http://localhost:3000/_next/static/chunks/1r0h_next_dist_compiled_react-dom_1xjxdv0._.js:8676:316)
    at commitPassiveMountOnFiber (http://localhost:3000/_next/static/chunks/1r0h_next_dist_compiled_react-dom_1xjxdv0._.js:8693:17)
[ 1837266ms] [LOG] [Fast Refresh] rebuilding @ http://localhost:3000/_next/static/chunks/1r0h_next_dist_00udy3e._.js:2477
[ 1837270ms] [WARNING] [Fast Refresh] performing full reload because your application had an unrecoverable error @ http://localhost:3000/_next/static/chunks/1r0h_next_dist_00udy3e._.js:2477
[ 1837685ms] [LOG] [Fast Refresh] done in 52ms @ http://localhost:3000/_next/static/chunks/1r0h_next_dist_00udy3e._.js:2477
[ 1837928ms] [INFO] %cDownload the React DevTools for a better development experience: https://react.dev/link/react-devtools font-weight:bold @ http://localhost:3000/_next/static/chunks/1r0h_next_dist_00udy3e._.js:2477
[ 1837982ms] [LOG] [HMR] connected @ http://localhost:3000/_next/static/chunks/1r0h_next_dist_00udy3e._.js:2477
[ 1924110ms] [LOG] [Fast Refresh] rebuilding @ http://localhost:3000/_next/static/chunks/1r0h_next_dist_00udy3e._.js:2477
[ 1924256ms] [LOG] [Fast Refresh] done in 248ms @ http://localhost:3000/_next/static/chunks/1r0h_next_dist_00udy3e._.js:2477
[ 1940301ms] [LOG] [Fast Refresh] rebuilding @ http://localhost:3000/_next/static/chunks/1r0h_next_dist_00udy3e._.js:2477
[ 1940303ms] [LOG] [Fast Refresh] done in 101ms @ http://localhost:3000/_next/static/chunks/1r0h_next_dist_00udy3e._.js:2477
[ 1941511ms] [LOG] [Fast Refresh] rebuilding @ http://localhost:3000/_next/static/chunks/1r0h_next_dist_00udy3e._.js:2477
[ 1941544ms] [LOG] [Fast Refresh] done in 139ms @ http://localhost:3000/_next/static/chunks/1r0h_next_dist_00udy3e._.js:2477
